
> backend@1.0.0 test
> jest --coverage --runInBand

node.exe : FAIL tests/lowCoverageControllers.test.js (10.888 s)
En C:\Program Files\nodejs\npm.ps1: 29 Carácter: 3
+   & $NODE_EXE $NPM_CLI_JS $args
+   ~~~~~~~~~~~~~~~~~~~~~~~~~~~~~
    + CategoryInfo          : NotSpecified: (FAIL tests/lowC...t.js (10.8 
   88 s):String) [], RemoteException
    + FullyQualifiedErrorId : NativeCommandError
 
  ÔùÅ avatarController ÔÇ║ updateAvatar: actualiza avatar del usuario

    No se recibi├│ imagen

    [0m [90m  9 |[39m [90m// @access  Privado (multipart/form-data 
con campo 'avatar')[39m
     [90m 10 |[39m [36mconst[39m updateAvatar [33m=[39m 
asyncHandler([36masync[39m (req[33m,[39m res) [33m=>[39m {
    [31m[1m>[22m[39m[90m 11 |[39m   [36mif[39m 
([33m![39mreq[33m.[39mfile) { 
res[33m.[39mstatus([35m400[39m)[33m;[39m [36mthrow[39m 
[36mnew[39m [33mError[39m([32m'No se recibi├│ 
imagen'[39m)[33m;[39m }
     [90m    |[39m                                           
[31m[1m^[22m[39m
     [90m 12 |[39m   [36mconst[39m mime [33m=[39m 
req[33m.[39mfile[33m.[39mmimetype [33m||[39m [32m''[39m[33m;[39m
     [90m 13 |[39m   [36mif[39m 
([33m![39mmime[33m.[39mstartsWith([32m'image/'[39m)) { 
res[33m.[39mstatus([35m400[39m)[33m;[39m [36mthrow[39m 
[36mnew[39m [33mError[39m([32m'El archivo debe ser una 
imagen'[39m)[33m;[39m }
     [90m 14 |[39m   [36mif[39m (req[33m.[39mfile[33m.[39msize 
[33m>[39m [35m2[39m [33m*[39m [35m1024[39m [33m*[39m 
[35m1024[39m) { res[33m.[39mstatus([35m400[39m)[33m;[39m 
[36mthrow[39m [36mnew[39m [33mError[39m([32m'La imagen supera 
2MB'[39m)[33m;[39m }[0m

      at controllers/avatarController.js:11:43
      at asyncUtilWrap (node_modules/express-async-handler/index.js:3:20)
      at Object.updateAvatar (tests/lowCoverageControllers.test.js:32:11)

  ÔùÅ metricsController ÔÇ║ getMetrics: retorna m├®tricas del usuario

    TypeError: getMetrics is not a function

    [0m [90m 54 |[39m     [36mconst[39m res [33m=[39m 
httpMocks[33m.[39mcreateResponse()[33m;[39m
     [90m 55 |[39m
    [31m[1m>[22m[39m[90m 56 |[39m     [36mawait[39m 
getMetrics(req[33m,[39m res)[33m;[39m
     [90m    |[39m           [31m[1m^[22m[39m
     [90m 57 |[39m
     [90m 58 |[39m     
expect(res[33m.[39mstatusCode)[33m.[39mtoBe([35m200[39m)[33m;[39m
     [90m 59 |[39m     [36mconst[39m data [33m=[39m 
res[33m.[39m_getJSONData()[33m;[39m[0m

      at Object.getMetrics (tests/lowCoverageControllers.test.js:56:11)

  ÔùÅ metricsController ÔÇ║ getMetrics: filtra por rango de fechas

    TypeError: getMetrics is not a function

    [0m [90m 71 |[39m     [36mconst[39m res [33m=[39m 
httpMocks[33m.[39mcreateResponse()[33m;[39m
     [90m 72 |[39m
    [31m[1m>[22m[39m[90m 73 |[39m     [36mawait[39m 
getMetrics(req[33m,[39m res)[33m;[39m
     [90m    |[39m           [31m[1m^[22m[39m
     [90m 74 |[39m
     [90m 75 |[39m     
expect(res[33m.[39mstatusCode)[33m.[39mtoBe([35m200[39m)[33m;[39m
     [90m 76 |[39m   })[33m;[39m[0m

      at Object.getMetrics (tests/lowCoverageControllers.test.js:73:11)

FAIL tests/coverageBoost.test.js (5.545 s)
  ÔùÅ notificationController ÔÇ║ should get user notifications

    TypeError: getNotifications is not a function

    [0m [90m 33 |[39m     [36mconst[39m res [33m=[39m 
httpMocks[33m.[39mcreateResponse()[33m;[39m
     [90m 34 |[39m
    [31m[1m>[22m[39m[90m 35 |[39m     [36mawait[39m 
getNotifications(req[33m,[39m res)[33m;[39m
     [90m    |[39m           [31m[1m^[22m[39m
     [90m 36 |[39m
     [90m 37 |[39m     
expect(res[33m.[39mstatusCode)[33m.[39mtoBe([35m200[39m)[33m;[39m
     [90m 38 |[39m   })[33m;[39m[0m

      at Object.getNotifications (tests/coverageBoost.test.js:35:11)

  ÔùÅ notificationController ÔÇ║ should mark notification as read

    TypeError: markAsRead is not a function

    [0m [90m 53 |[39m     [36mconst[39m res [33m=[39m 
httpMocks[33m.[39mcreateResponse()[33m;[39m
     [90m 54 |[39m
    [31m[1m>[22m[39m[90m 55 |[39m     [36mawait[39m 
markAsRead(req[33m,[39m res)[33m;[39m
     [90m    |[39m           [31m[1m^[22m[39m
     [90m 56 |[39m
     [90m 57 |[39m     
expect(res[33m.[39mstatusCode)[33m.[39mtoBe([35m200[39m)[33m;[39m
     [90m 58 |[39m   })[33m;[39m[0m

      at Object.markAsRead (tests/coverageBoost.test.js:55:11)

  ÔùÅ passwordController ÔÇ║ should request password reset

    TypeError: requestPasswordReset is not a function

    [0m [90m 75 |[39m     [36mconst[39m res [33m=[39m 
httpMocks[33m.[39mcreateResponse()[33m;[39m
     [90m 76 |[39m
    [31m[1m>[22m[39m[90m 77 |[39m     [36mawait[39m 
requestPasswordReset(req[33m,[39m res)[33m;[39m
     [90m    |[39m           [31m[1m^[22m[39m
     [90m 78 |[39m
     [90m 79 |[39m     
expect(res[33m.[39mstatusCode)[33m.[39mtoBe([35m200[39m)[33m;[39m
     [90m 80 |[39m   })[33m;[39m[0m

      at Object.requestPasswordReset (tests/coverageBoost.test.js:77:11)

  ÔùÅ passwordController ÔÇ║ should reset password with valid token

    Datos incompletos

    [0m [90m 53 |[39m   [36mif[39m ([33m![39memail [33m||[39m 
[33m![39mtoken [33m||[39m [33m![39mpassword) {
     [90m 54 |[39m     res[33m.[39mstatus([35m400[39m)[33m;[39m
    [31m[1m>[22m[39m[90m 55 |[39m     [36mthrow[39m [36mnew[39m 
[33mError[39m([32m'Datos incompletos'[39m)[33m;[39m
     [90m    |[39m           [31m[1m^[22m[39m
     [90m 56 |[39m   }
     [90m 57 |[39m
     [90m 58 |[39m   [36mconst[39m normalizedEmail [33m=[39m [33mSt
ring[39m(email)[33m.[39mtrim()[33m.[39mtoLowerCase()[33m;[39m[0m

      at controllers/passwordController.js:55:11
      at asyncUtilWrap (node_modules/express-async-handler/index.js:3:20)
      at Object.resetPassword (tests/coverageBoost.test.js:98:11)

  ÔùÅ settingsController ÔÇ║ should get user settings

    TypeError: User.findById(...).select is not a function

    [0m [90m  5 |[39m [90m// GET /api/settings[39m
     [90m  6 |[39m [36mconst[39m getSettings [33m=[39m 
asyncHandler([36masync[39m (req[33m,[39m res) [33m=>[39m {
    [31m[1m>[22m[39m[90m  7 |[39m   [36mconst[39m user 
[33m=[39m [36mawait[39m [33mUser[39m[33m.[39mfindById(req[33m.[3
9muser[33m.[39m_id)[33m.[39mselect([32m'settings'[39m)[33m;[39m
     [90m    |[39m                                                  
[31m[1m^[22m[39m
     [90m  8 |[39m   [36mconst[39m settings [33m=[39m 
user[33m?[39m[33m.[39msettings [33m||[39m { 
notifyEmailOnArticle[33m:[39m [36mtrue[39m[33m,[39m 
language[33m:[39m [32m'es'[39m[33m,[39m theme[33m:[39m 
[32m'light'[39m }[33m;[39m
     [90m  9 |[39m   res[33m.[39mjson(settings)[33m;[39m
     [90m 10 |[39m })[33m;[39m[0m

      at select (controllers/settingsController.js:7:50)
      at asyncUtilWrap (node_modules/express-async-handler/index.js:3:20)
      at Object.getSettings (tests/coverageBoost.test.js:123:11)

  ÔùÅ settingsController ÔÇ║ should update user settings

    TypeError: User.findById(...).select is not a function

    [0m [90m 17 |[39m   [36mfor[39m ([36mconst[39m k [36mof[39m 
allowed) [36mif[39m (k [36min[39m payload) 
updates[[32m`settings.${k}`[39m] [33m=[39m payload[k][33m;[39m
     [90m 18 |[39m   [36mawait[39m 
[33mUser[39m[33m.[39mupdateOne({ _id[33m:[39m 
req[33m.[39muser[33m.[39m_id }[33m,[39m { $set[33m:[39m updates 
})[33m;[39m
    [31m[1m>[22m[39m[90m 19 |[39m   [36mconst[39m user 
[33m=[39m [36mawait[39m [33mUser[39m[33m.[39mfindById(req[33m.[3
9muser[33m.[39m_id)[33m.[39mselect([32m'settings'[39m)[33m;[39m
     [90m    |[39m                                                  
[31m[1m^[22m[39m
     [90m 20 |[39m   
res[33m.[39mjson(user[33m.[39msettings)[33m;[39m
     [90m 21 |[39m })[33m;[39m
     [90m 22 |[39m[0m

      at select (controllers/settingsController.js:19:50)
      at Object.<anonymous> (tests/coverageBoost.test.js:143:5)

  ÔùÅ privacyController ÔÇ║ should get privacy settings

    TypeError: getPrivacy is not a function

    [0m [90m 165 |[39m     [36mconst[39m res [33m=[39m 
httpMocks[33m.[39mcreateResponse()[33m;[39m
     [90m 166 |[39m
    [31m[1m>[22m[39m[90m 167 |[39m     [36mawait[39m 
getPrivacy(req[33m,[39m res)[33m;[39m
     [90m     |[39m           [31m[1m^[22m[39m
     [90m 168 |[39m
     [90m 169 |[39m     
expect(res[33m.[39mstatusCode)[33m.[39mtoBe([35m200[39m)[33m;[39m
     [90m 170 |[39m   })[33m;[39m[0m

      at Object.getPrivacy (tests/coverageBoost.test.js:167:11)

  ÔùÅ privacyController ÔÇ║ should update privacy settings

    TypeError: updatePrivacy is not a function

    [0m [90m 185 |[39m     [36mconst[39m res [33m=[39m 
httpMocks[33m.[39mcreateResponse()[33m;[39m
     [90m 186 |[39m
    [31m[1m>[22m[39m[90m 187 |[39m     [36mawait[39m 
updatePrivacy(req[33m,[39m res)[33m;[39m
     [90m     |[39m           [31m[1m^[22m[39m
     [90m 188 |[39m
     [90m 189 |[39m     
expect(res[33m.[39mstatusCode)[33m.[39mtoBe([35m200[39m)[33m;[39m
     [90m 190 |[39m   })[33m;[39m[0m

      at Object.updatePrivacy (tests/coverageBoost.test.js:187:11)

  ÔùÅ adminUserController ÔÇ║ should get all users (admin)

    TypeError: getAllUsers is not a function

    [0m [90m 208 |[39m     [36mconst[39m res [33m=[39m 
httpMocks[33m.[39mcreateResponse()[33m;[39m
     [90m 209 |[39m
    [31m[1m>[22m[39m[90m 210 |[39m     [36mawait[39m 
getAllUsers(req[33m,[39m res)[33m;[39m
     [90m     |[39m           [31m[1m^[22m[39m
     [90m 211 |[39m
     [90m 212 |[39m     
expect(res[33m.[39mstatusCode)[33m.[39mtoBe([35m200[39m)[33m;[39m
     [90m 213 |[39m   })[33m;[39m[0m

      at Object.getAllUsers (tests/coverageBoost.test.js:210:11)

  ÔùÅ adminUserController ÔÇ║ should delete user (admin)

    expect(received).toBe(expected) // Object.is equality

    Expected: 200
    Received: 204

    [0m [90m 227 |[39m     [36mawait[39m deleteUser(req[33m,[39m 
res)[33m;[39m
     [90m 228 |[39m
    [31m[1m>[22m[39m[90m 229 |[39m     
expect(res[33m.[39mstatusCode)[33m.[39mtoBe([35m200[39m)[33m;[39m
     [90m     |[39m                            [31m[1m^[22m[39m
     [90m 230 |[39m   })[33m;[39m
     [90m 231 |[39m })[33m;[39m
     [90m 232 |[39m[0m

      at Object.toBe (tests/coverageBoost.test.js:229:28)

  ÔùÅ superAdminController ÔÇ║ should get system analytics

    TypeError: getAnalytics is not a function

    [0m [90m 246 |[39m     [36mconst[39m res [33m=[39m 
httpMocks[33m.[39mcreateResponse()[33m;[39m
     [90m 247 |[39m
    [31m[1m>[22m[39m[90m 248 |[39m     [36mawait[39m 
getAnalytics(req[33m,[39m res)[33m;[39m
     [90m     |[39m           [31m[1m^[22m[39m
     [90m 249 |[39m
     [90m 250 |[39m     
expect(res[33m.[39mstatusCode)[33m.[39mtoBe([35m200[39m)[33m;[39m
     [90m 251 |[39m   })[33m;[39m[0m

      at Object.getAnalytics (tests/coverageBoost.test.js:248:11)

PASS tests/userController.test.js
(node:22976) [DEP0040] DeprecationWarning: The `punycode` module is 
deprecated. Please use a userland alternative instead.
(Use `node --trace-deprecation ...` to show where the warning was created)
PASS tests/integration/projectFlow.integration.test.js (9.794 s)
  ÔùÅ Console

    console.log
      [dotenv@17.2.2] injecting env (5) from .env -- tip: ƒôí auto-backup 
env with Radar: https://dotenvx.com/radar

      at _log (node_modules/dotenv/lib/main.js:139:11)

    console.log
      [2025-11-15T21:06:56.950Z] POST /api/users/register

      at log (server.js:18:11)

    console.log
      MongoDB Conectado (PRINCIPAL): 127.0.0.1

      at log (config/db.js:11:13)

    console.log
      [2025-11-15T21:06:57.565Z] POST /api/users/login

      at log (server.js:18:11)

    console.log
      [2025-11-15T21:06:57.955Z] POST /api/projects

      at log (server.js:18:11)

    console.error
      Error al disparar el webhook de n8n: Error

    [0m [90m 40 |[39m       })[33m;[39m
     [90m 41 |[39m     } [36mcatch[39m (error) {
    [31m[1m>[22m[39m[90m 42 |[39m       
console[33m.[39merror([32m'Error al disparar el webhook de 
n8n:'[39m[33m,[39m error[33m.[39mmessage)[33m;[39m
     [90m    |[39m               [31m[1m^[22m[39m
     [90m 43 |[39m     }
     [90m 44 |[39m   }
     [90m 45 |[39m   
res[33m.[39mstatus([35m201[39m)[33m.[39mjson(project)[33m;[39m[0m

      at error (controllers/projectController.js:42:15)

    console.log
      [2025-11-15T21:06:58.563Z] POST 
/api/projects/6918eb7161073ec3c84f12fe/tasks

      at log (server.js:18:11)

    console.error
      Error al disparar webhook de tarea: Error

    [0m [90m 118 |[39m             })[33m;[39m
     [90m 119 |[39m         } [36mcatch[39m (error) {
    [31m[1m>[22m[39m[90m 120 |[39m             
console[33m.[39merror([32m'Error al disparar webhook de 
tarea:'[39m[33m,[39m error[33m.[39mmessage)[33m;[39m
     [90m     |[39m                     [31m[1m^[22m[39m
     [90m 121 |[39m         }
     [90m 122 |[39m     }
     [90m 123 |[39m     [36mconst[39m withUser [33m=[39m 
[36mawait[39m [33mTask[39m[33m.[39mfindById(task[33m.[39m_id)[33m
.[39mpopulate([32m'user'[39m[33m,[39m[32m'name email 
avatarUrl'[39m)[33m;[39m[0m

      at error (controllers/projectController.js:120:21)

    console.log
      [2025-11-15T21:06:58.667Z] GET 
/api/projects/6918eb7161073ec3c84f12fe/tasks

      at log (server.js:18:11)

    console.log
      [2025-11-15T21:06:58.735Z] DELETE 
/api/projects/6918eb7161073ec3c84f12fe

      at log (server.js:18:11)

PASS tests/aiController.branches.test.js (11.418 s)
  ÔùÅ Console

    console.error
      SerpAPI error: quota

    [0m [90m 174 |[39m
     [90m 175 |[39m     [36mif[39m (data[33m?[39m[33m.[39merror) {
    [31m[1m>[22m[39m[90m 176 |[39m       
console[33m.[39merror([32m'SerpAPI error:'[39m[33m,[39m 
data[33m.[39merror)[33m;[39m
     [90m     |[39m               [31m[1m^[22m[39m
     [90m 177 |[39m       [36mreturn[39m 
res[33m.[39mstatus([35m502[39m)[33m.[39mjson({ message[33m:[39m 
[32m`SerpAPI: ${data.error}`[39m })[33m;[39m
     [90m 178 |[39m     }
     [90m 179 |[39m[0m

      at error (controllers/aiController.js:176:15)
      at Object.<anonymous> (tests/aiController.branches.test.js:80:5)

PASS tests/aiController.unit.test.js (10.732 s)
PASS tests/projectTaskController.test.js
PASS tests/aiLibraryWebhook.test.js
  ÔùÅ Console

    console.error
      SerpAPI error: quota

    [0m [90m 174 |[39m
     [90m 175 |[39m     [36mif[39m (data[33m?[39m[33m.[39merror) {
    [31m[1m>[22m[39m[90m 176 |[39m       
console[33m.[39merror([32m'SerpAPI error:'[39m[33m,[39m 
data[33m.[39merror)[33m;[39m
     [90m     |[39m               [31m[1m^[22m[39m
     [90m 177 |[39m       [36mreturn[39m 
res[33m.[39mstatus([35m502[39m)[33m.[39mjson({ message[33m:[39m 
[32m`SerpAPI: ${data.error}`[39m })[33m;[39m
     [90m 178 |[39m     }
     [90m 179 |[39m[0m

      at Object.error [as suggestArticles] 
(controllers/aiController.js:176:15)
      at Object.<anonymous> (tests/aiLibraryWebhook.test.js:75:5)

    console.log
      [getLibraryItems] user=6918eb916334365a0065ac73 search="" -> 1 
items (total user=1)

      at log (controllers/libraryController.js:51:11)

    console.error
      Error al disparar el webhook de n8n: network

    [0m [90m 40 |[39m       })[33m;[39m
     [90m 41 |[39m     } [36mcatch[39m (error) {
    [31m[1m>[22m[39m[90m 42 |[39m       
console[33m.[39merror([32m'Error al disparar el webhook de 
n8n:'[39m[33m,[39m error[33m.[39mmessage)[33m;[39m
     [90m    |[39m               [31m[1m^[22m[39m
     [90m 43 |[39m     }
     [90m 44 |[39m   }
     [90m 45 |[39m   
res[33m.[39mstatus([35m201[39m)[33m.[39mjson(project)[33m;[39m[0m

      at error (controllers/projectController.js:42:15)
      at Object.<anonymous> (tests/aiLibraryWebhook.test.js:125:5)

PASS tests/userModel.test.js
PASS tests/authMiddleware.test.js
  ÔùÅ Console

    console.error
      JsonWebTokenError {
        name: 'JsonWebTokenError',
        message: 'jwt malformed'
      }

    [0m [90m 23 |[39m       next()[33m;[39m [90m// Pasamos al 
siguiente middleware o controlador[39m
     [90m 24 |[39m     } [36mcatch[39m (error) {
    [31m[1m>[22m[39m[90m 25 |[39m       
console[33m.[39merror(error)[33m;[39m
     [90m    |[39m               [31m[1m^[22m[39m
     [90m 26 |[39m       res[33m.[39mstatus([35m401[39m)[33m;[39m 
[90m// No autorizado[39m
     [90m 27 |[39m       [36mthrow[39m [36mnew[39m 
[33mError[39m([32m'No autorizado, token fall├│'[39m)[33m;[39m
     [90m 28 |[39m     }[0m

      at error (middleware/authMiddleware.js:25:15)
      at Object.asyncUtilWrap [as protect] 
(node_modules/express-async-handler/index.js:3:20)
      at Object.protect (tests/authMiddleware.test.js:45:57)

PASS tests/libraryController.unit.test.js
  ÔùÅ Console

    console.log
      [getLibraryItems] user=u1 search="A" -> 2 items (total user=2)

      at log (controllers/libraryController.js:51:11)

    console.log
      [dropboxClient] El token ha expirado o no existe. Refrescando...

      at log (services/dropboxClient.js:21:11)

PASS tests/errorMiddleware.test.js
  ÔùÅ Console

    console.error
      
      
      --- ERROR GLOBAL CAPTURADO ---

    [0m [90m  7 |[39m   [90m// --- ┬íESTE ES EL LOG DEFINITIVO! 
---[39m
     [90m  8 |[39m   [90m// Imprimimos el error completo en la consola 
del backend de una forma legible[39m
    [31m[1m>[22m[39m[90m  9 |[39m   
console[33m.[39merror([32m"\n\n--- ERROR GLOBAL CAPTURADO 
---\n"[39m)[33m;[39m
     [90m    |[39m           [31m[1m^[22m[39m
     [90m 10 |[39m   
console[33m.[39merror([32m"Mensaje:"[39m[33m,[39m 
err[33m.[39mmessage)[33m;[39m
     [90m 11 |[39m   
console[33m.[39merror([32m"Stack:"[39m[33m,[39m 
err[33m.[39mstack)[33m;[39m
     [90m 12 |[39m   console[33m.[39merror([32m"--- FIN DEL ERROR 
---\n\n"[39m)[33m;[39m[0m

      at error (middleware/errorMiddleware.js:9:11)
      at Object.errorHandler (tests/errorMiddleware.test.js:11:5)

    console.error
      Mensaje: boom

    [0m [90m  8 |[39m   [90m// Imprimimos el error completo en la 
consola del backend de una forma legible[39m
     [90m  9 |[39m   console[33m.[39merror([32m"\n\n--- ERROR GLOBAL 
CAPTURADO ---\n"[39m)[33m;[39m
    [31m[1m>[22m[39m[90m 10 |[39m   
console[33m.[39merror([32m"Mensaje:"[39m[33m,[39m 
err[33m.[39mmessage)[33m;[39m
     [90m    |[39m           [31m[1m^[22m[39m
     [90m 11 |[39m   
console[33m.[39merror([32m"Stack:"[39m[33m,[39m 
err[33m.[39mstack)[33m;[39m
     [90m 12 |[39m   console[33m.[39merror([32m"--- FIN DEL ERROR 
---\n\n"[39m)[33m;[39m
     [90m 13 |[39m[0m

      at error (middleware/errorMiddleware.js:10:11)
      at Object.errorHandler (tests/errorMiddleware.test.js:11:5)

    console.error
      Stack: Error: boom
          at Object.<anonymous> 
(D:\Proyectos\ProyectifyIA\backend\tests\errorMiddleware.test.js:7:17)
          at Promise.then.completed (D:\Proyectos\ProyectifyIA\backend\nod
e_modules\jest-circus\build\utils.js:298:28)
          at new Promise (<anonymous>)
          at callAsyncCircusFn (D:\Proyectos\ProyectifyIA\backend\node_mod
ules\jest-circus\build\utils.js:231:10)
          at _callCircusTest (D:\Proyectos\ProyectifyIA\backend\node_modul
es\jest-circus\build\run.js:316:40)
          at _runTest (D:\Proyectos\ProyectifyIA\backend\node_modules\jest
-circus\build\run.js:252:3)
          at _runTestsForDescribeBlock (D:\Proyectos\ProyectifyIA\backend\
node_modules\jest-circus\build\run.js:126:9)
          at _runTestsForDescribeBlock (D:\Proyectos\ProyectifyIA\backend\
node_modules\jest-circus\build\run.js:121:9)
          at run (D:\Proyectos\ProyectifyIA\backend\node_modules\jest-circ
us\build\run.js:71:3)
          at runAndTransformResultsToJestFormat (D:\Proyectos\ProyectifyIA
\backend\node_modules\jest-circus\build\legacy-code-todo-rewrite\jestAdapt
erInit.js:122:21)
          at jestAdapter (D:\Proyectos\ProyectifyIA\backend\node_modules\j
est-circus\build\legacy-code-todo-rewrite\jestAdapter.js:79:19)
          at runTestInternal (D:\Proyectos\ProyectifyIA\backend\node_modul
es\jest-runner\build\runTest.js:367:16)
          at runTest (D:\Proyectos\ProyectifyIA\backend\node_modules\jest-
runner\build\runTest.js:444:34)

    [0m [90m  9 |[39m   console[33m.[39merror([32m"\n\n--- ERROR 
GLOBAL CAPTURADO ---\n"[39m)[33m;[39m
     [90m 10 |[39m   
console[33m.[39merror([32m"Mensaje:"[39m[33m,[39m 
err[33m.[39mmessage)[33m;[39m
    [31m[1m>[22m[39m[90m 11 |[39m   
console[33m.[39merror([32m"Stack:"[39m[33m,[39m 
err[33m.[39mstack)[33m;[39m
     [90m    |[39m           [31m[1m^[22m[39m
     [90m 12 |[39m   console[33m.[39merror([32m"--- FIN DEL ERROR 
---\n\n"[39m)[33m;[39m
     [90m 13 |[39m
     [90m 14 |[39m   res[33m.[39mstatus(statusCode)[33m;[39m[0m

      at error (middleware/errorMiddleware.js:11:11)
      at Object.errorHandler (tests/errorMiddleware.test.js:11:5)

    console.error
      --- FIN DEL ERROR ---

    [0m [90m 10 |[39m   
console[33m.[39merror([32m"Mensaje:"[39m[33m,[39m 
err[33m.[39mmessage)[33m;[39m
     [90m 11 |[39m   
console[33m.[39merror([32m"Stack:"[39m[33m,[39m 
err[33m.[39mstack)[33m;[39m
    [31m[1m>[22m[39m[90m 12 |[39m   
console[33m.[39merror([32m"--- FIN DEL ERROR ---\n\n"[39m)[33m;[39m
     [90m    |[39m           [31m[1m^[22m[39m
     [90m 13 |[39m
     [90m 14 |[39m   res[33m.[39mstatus(statusCode)[33m;[39m
     [90m 15 |[39m[0m

      at error (middleware/errorMiddleware.js:12:11)
      at Object.errorHandler (tests/errorMiddleware.test.js:11:5)

FAIL tests/controllersExtendedCoverage.test.js
  ÔùÅ avatarController ÔÇ║ should upload avatar successfully

    TypeError: uploadAvatar is not a function

    [0m [90m 24 |[39m     [36mconst[39m res [33m=[39m 
httpMocks[33m.[39mcreateResponse()[33m;[39m
     [90m 25 |[39m
    [31m[1m>[22m[39m[90m 26 |[39m     [36mawait[39m 
uploadAvatar(req[33m,[39m res)[33m;[39m
     [90m    |[39m           [31m[1m^[22m[39m
     [90m 27 |[39m
     [90m 28 |[39m     
expect(res[33m.[39mstatusCode)[33m.[39mtoBe([35m200[39m)[33m;[39m
     [90m 29 |[39m   })[33m;[39m[0m

      at Object.uploadAvatar 
(tests/controllersExtendedCoverage.test.js:26:11)

  ÔùÅ avatarController ÔÇ║ should delete avatar

    TypeError: deleteAvatar is not a function

    [0m [90m 38 |[39m     [36mconst[39m res [33m=[39m 
httpMocks[33m.[39mcreateResponse()[33m;[39m
     [90m 39 |[39m
    [31m[1m>[22m[39m[90m 40 |[39m     [36mawait[39m 
deleteAvatar(req[33m,[39m res)[33m;[39m
     [90m    |[39m           [31m[1m^[22m[39m
     [90m 41 |[39m
     [90m 42 |[39m     
expect(res[33m.[39mstatusCode)[33m.[39mtoBe([35m200[39m)[33m;[39m
     [90m 43 |[39m   })[33m;[39m[0m

      at Object.deleteAvatar 
(tests/controllersExtendedCoverage.test.js:40:11)

  ÔùÅ avatarController ÔÇ║ should get avatar

    TypeError: getAvatar is not a function

    [0m [90m 53 |[39m     [36mconst[39m res [33m=[39m 
httpMocks[33m.[39mcreateResponse()[33m;[39m
     [90m 54 |[39m
    [31m[1m>[22m[39m[90m 55 |[39m     [36mawait[39m 
getAvatar(req[33m,[39m res)[33m;[39m
     [90m    |[39m           [31m[1m^[22m[39m
     [90m 56 |[39m
     [90m 57 |[39m     
expect(res[33m.[39mstatusCode)[33m.[39mtoBe([35m200[39m)[33m;[39m
     [90m 58 |[39m   })[33m;[39m[0m

      at Object.getAvatar 
(tests/controllersExtendedCoverage.test.js:55:11)

  ÔùÅ libraryController ÔÇ║ should get user library items

    TypeError: getLibrary is not a function

    [0m [90m 77 |[39m     [36mconst[39m res [33m=[39m 
httpMocks[33m.[39mcreateResponse()[33m;[39m
     [90m 78 |[39m
    [31m[1m>[22m[39m[90m 79 |[39m     [36mawait[39m 
getLibrary(req[33m,[39m res)[33m;[39m
     [90m    |[39m           [31m[1m^[22m[39m
     [90m 80 |[39m
     [90m 81 |[39m     
expect(res[33m.[39mstatusCode)[33m.[39mtoBe([35m200[39m)[33m;[39m
     [90m 82 |[39m   })[33m;[39m[0m

      at Object.getLibrary 
(tests/controllersExtendedCoverage.test.js:79:11)

  ÔùÅ libraryController ÔÇ║ should add item to library

    TypeError: addToLibrary is not a function

    [0m [90m  98 |[39m     [36mconst[39m res [33m=[39m 
httpMocks[33m.[39mcreateResponse()[33m;[39m
     [90m  99 |[39m
    [31m[1m>[22m[39m[90m 100 |[39m     [36mawait[39m 
addToLibrary(req[33m,[39m res)[33m;[39m
     [90m     |[39m           [31m[1m^[22m[39m
     [90m 101 |[39m
     [90m 102 |[39m     
expect(res[33m.[39mstatusCode)[33m.[39mtoBe([35m201[39m)[33m;[39m
     [90m 103 |[39m   })[33m;[39m[0m

      at Object.addToLibrary 
(tests/controllersExtendedCoverage.test.js:100:11)

  ÔùÅ libraryController ÔÇ║ should remove item from library

    TypeError: removeFromLibrary is not a function

    [0m [90m 113 |[39m     [36mconst[39m res [33m=[39m 
httpMocks[33m.[39mcreateResponse()[33m;[39m
     [90m 114 |[39m
    [31m[1m>[22m[39m[90m 115 |[39m     [36mawait[39m 
removeFromLibrary(req[33m,[39m res)[33m;[39m
     [90m     |[39m           [31m[1m^[22m[39m
     [90m 116 |[39m
     [90m 117 |[39m     
expect(res[33m.[39mstatusCode)[33m.[39mtoBe([35m200[39m)[33m;[39m
     [90m 118 |[39m   })[33m;[39m[0m

      at Object.removeFromLibrary 
(tests/controllersExtendedCoverage.test.js:115:11)

  ÔùÅ libraryController ÔÇ║ should update library item

    TypeError: updateLibraryItem is not a function

    [0m [90m 134 |[39m     [36mconst[39m res [33m=[39m 
httpMocks[33m.[39mcreateResponse()[33m;[39m
     [90m 135 |[39m
    [31m[1m>[22m[39m[90m 136 |[39m     [36mawait[39m 
updateLibraryItem(req[33m,[39m res)[33m;[39m
     [90m     |[39m           [31m[1m^[22m[39m
     [90m 137 |[39m
     [90m 138 |[39m     
expect(res[33m.[39mstatusCode)[33m.[39mtoBe([35m200[39m)[33m;[39m
     [90m 139 |[39m   })[33m;[39m[0m

      at Object.updateLibraryItem 
(tests/controllersExtendedCoverage.test.js:136:11)

  ÔùÅ metricsController ÔÇ║ should get user metrics

    TypeError: getMetrics is not a function

    [0m [90m 166 |[39m     }[33m;[39m
     [90m 167 |[39m
    [31m[1m>[22m[39m[90m 168 |[39m     [36mawait[39m 
getMetrics(req[33m,[39m res)[33m;[39m
     [90m     |[39m           [31m[1m^[22m[39m
     [90m 169 |[39m
     [90m 170 |[39m     
expect(res[33m.[39mstatusCode)[33m.[39mtoBe([35m200[39m)[33m;[39m
     [90m 171 |[39m   })[33m;[39m[0m

      at Object.getMetrics 
(tests/controllersExtendedCoverage.test.js:168:11)

  ÔùÅ metricsController ÔÇ║ should log metric event

    TypeError: logMetricEvent is not a function

    [0m [90m 183 |[39m     [36mconst[39m res [33m=[39m 
httpMocks[33m.[39mcreateResponse()[33m;[39m
     [90m 184 |[39m
    [31m[1m>[22m[39m[90m 185 |[39m     [36mawait[39m 
logMetricEvent(req[33m,[39m res)[33m;[39m
     [90m     |[39m           [31m[1m^[22m[39m
     [90m 186 |[39m
     [90m 187 |[39m     
expect(res[33m.[39mstatusCode)[33m.[39mtoBe([35m201[39m)[33m;[39m
     [90m 188 |[39m   })[33m;[39m[0m

      at Object.logMetricEvent 
(tests/controllersExtendedCoverage.test.js:185:11)

  ÔùÅ metricsController ÔÇ║ should get project metrics

    TypeError: getProjectMetrics is not a function

    [0m [90m 196 |[39m     [36mconst[39m res [33m=[39m 
httpMocks[33m.[39mcreateResponse()[33m;[39m
     [90m 197 |[39m
    [31m[1m>[22m[39m[90m 198 |[39m     [36mawait[39m 
getProjectMetrics(req[33m,[39m res)[33m;[39m
     [90m     |[39m           [31m[1m^[22m[39m
     [90m 199 |[39m
     [90m 200 |[39m     
expect(res[33m.[39mstatusCode)[33m.[39mtoBe([35m200[39m)[33m;[39m
     [90m 201 |[39m   })[33m;[39m[0m

      at Object.getProjectMetrics 
(tests/controllersExtendedCoverage.test.js:198:11)

  ÔùÅ aiController ÔÇ║ should generate suggestions for project

    TypeError: generateSuggestions is not a function

    [0m [90m 218 |[39m     [36mconst[39m res [33m=[39m 
httpMocks[33m.[39mcreateResponse()[33m;[39m
     [90m 219 |[39m
    [31m[1m>[22m[39m[90m 220 |[39m     [36mawait[39m 
generateSuggestions(req[33m,[39m res)[33m;[39m
     [90m     |[39m           [31m[1m^[22m[39m
     [90m 221 |[39m
     [90m 222 |[39m     
expect(res[33m.[39mstatusCode)[33m.[39mtoBe([35m200[39m)[33m;[39m
     [90m 223 |[39m   })[33m;[39m[0m

      at Object.generateSuggestions 
(tests/controllersExtendedCoverage.test.js:220:11)

  ÔùÅ aiController ÔÇ║ should analyze project

    TypeError: analyzeProject is not a function

    [0m [90m 233 |[39m     [36mconst[39m res [33m=[39m 
httpMocks[33m.[39mcreateResponse()[33m;[39m
     [90m 234 |[39m
    [31m[1m>[22m[39m[90m 235 |[39m     [36mawait[39m 
analyzeProject(req[33m,[39m res)[33m;[39m
     [90m     |[39m           [31m[1m^[22m[39m
     [90m 236 |[39m
     [90m 237 |[39m     
expect(res[33m.[39mstatusCode)[33m.[39mtoBe([35m200[39m)[33m;[39m
     [90m 238 |[39m   })[33m;[39m[0m

      at Object.analyzeProject 
(tests/controllersExtendedCoverage.test.js:235:11)

  ÔùÅ taskController ÔÇ║ should create a task

    TypeError: createTask is not a function

    [0m [90m 263 |[39m     [36mconst[39m res [33m=[39m 
httpMocks[33m.[39mcreateResponse()[33m;[39m
     [90m 264 |[39m
    [31m[1m>[22m[39m[90m 265 |[39m     [36mawait[39m 
createTask(req[33m,[39m res)[33m;[39m
     [90m     |[39m           [31m[1m^[22m[39m
     [90m 266 |[39m
     [90m 267 |[39m     
expect(res[33m.[39mstatusCode)[33m.[39mtoBe([35m201[39m)[33m;[39m
     [90m 268 |[39m   })[33m;[39m[0m

      at Object.createTask 
(tests/controllersExtendedCoverage.test.js:265:11)

  ÔùÅ taskController ÔÇ║ should get tasks for project

    TypeError: getTasks is not a function

    [0m [90m 281 |[39m     [36mconst[39m res [33m=[39m 
httpMocks[33m.[39mcreateResponse()[33m;[39m
     [90m 282 |[39m
    [31m[1m>[22m[39m[90m 283 |[39m     [36mawait[39m 
getTasks(req[33m,[39m res)[33m;[39m
     [90m     |[39m           [31m[1m^[22m[39m
     [90m 284 |[39m
     [90m 285 |[39m     
expect(res[33m.[39mstatusCode)[33m.[39mtoBe([35m200[39m)[33m;[39m
     [90m 286 |[39m   })[33m;[39m[0m

      at Object.getTasks 
(tests/controllersExtendedCoverage.test.js:283:11)

  ÔùÅ taskController ÔÇ║ should update a task

    TypeError: updateTask is not a function

    [0m [90m 301 |[39m     [36mconst[39m res [33m=[39m 
httpMocks[33m.[39mcreateResponse()[33m;[39m
     [90m 302 |[39m
    [31m[1m>[22m[39m[90m 303 |[39m     [36mawait[39m 
updateTask(req[33m,[39m res)[33m;[39m
     [90m     |[39m           [31m[1m^[22m[39m
     [90m 304 |[39m
     [90m 305 |[39m     
expect(res[33m.[39mstatusCode)[33m.[39mtoBe([35m200[39m)[33m;[39m
     [90m 306 |[39m   })[33m;[39m[0m

      at Object.updateTask 
(tests/controllersExtendedCoverage.test.js:303:11)

  ÔùÅ taskController ÔÇ║ should delete a task

    TypeError: deleteTask is not a function

    [0m [90m 314 |[39m     [36mconst[39m res [33m=[39m 
httpMocks[33m.[39mcreateResponse()[33m;[39m
     [90m 315 |[39m
    [31m[1m>[22m[39m[90m 316 |[39m     [36mawait[39m 
deleteTask(req[33m,[39m res)[33m;[39m
     [90m     |[39m           [31m[1m^[22m[39m
     [90m 317 |[39m
     [90m 318 |[39m     
expect(res[33m.[39mstatusCode)[33m.[39mtoBe([35m200[39m)[33m;[39m
     [90m 319 |[39m   })[33m;[39m[0m

      at Object.deleteTask 
(tests/controllersExtendedCoverage.test.js:316:11)

------------------------------|---------|----------|---------|---------|-----------------------------------------------------------------------------------------------------------------------------------------------------------------
File                          | % Stmts | % Branch | % Funcs | % Lines | Uncovered Line #s                                                                                                                                               
------------------------------|---------|----------|---------|---------|-----------------------------------------------------------------------------------------------------------------------------------------------------------------
All files                     |   49.22 |    31.04 |   38.01 |    55.1 |                                                                                                                                                                 
 backend                      |      64 |    27.58 |   27.27 |   68.57 |                                                                                                                                                                 
  server.js                   |      64 |    27.58 |   27.27 |   68.57 | 29-30,67-73,78-79,88-89,98-111                                                                                                                                  
 backend/config               |    29.5 |     2.27 |      60 |   28.81 |                                                                                                                                                                 
  db.js                       |   57.69 |     7.14 |     100 |   58.33 | 26-39                                                                                                                                                           
  email.js                    |    8.57 |        0 |       0 |    8.57 | 6-67                                                                                                                                                            
 backend/controllers          |   40.82 |    33.33 |   36.84 |    47.2 |                                                                                                                                                                 
  adminUserController.js      |      25 |        5 |      20 |    25.3 | 14-15,20-25,30-57,62-117,126-127,130-131                                                                                                                        
  aiController.js             |   79.03 |     67.2 |      80 |   80.18 | 35-38,89-92,112,134-137,158,163-166,182,220-223                                                                                                                 
  avatarController.js         |   33.33 |     8.33 |     100 |   33.33 | 12-28                                                                                                                                                           
  libraryController.js        |   83.52 |    77.96 |     100 |   83.52 | 14-15,110-117,123-129,136-137,166-173                                                                                                                           
  metricsController.js        |   24.07 |        0 |       0 |   27.08 | 9-14,19-35,42-65,73-79,84-112                                                                                                                                   
  notificationController.js   |   33.33 |        0 |       0 |   33.33 | 7-8,13-21,26-27,32-33                                                                                                                                           
  passwordController.js       |   27.27 |    14.28 |      50 |   27.27 | 10-45,58-78                                                                                                                                                     
  privacyController.js        |      20 |        0 |       0 |   26.22 | 14,21-31,39-73,82-85,94-109                                                                                                                                     
  projectController.js        |   23.65 |    12.16 |   15.38 |   33.94 | 14-24,50-55,94-95,97-98,129-144,149-158,175-212,217-222,227-235,240-247,261-266,273-284,290-298,304-312,319-327,333-344,351-358,363-379,388-397,402-413,418-426 
  settingsController.js       |   76.47 |    33.33 |     100 |      80 | 8-9,20                                                                                                                                                          
  superAdminController.js     |   57.14 |        0 |       0 |   57.14 | 7-14                                                                                                                                                            
  taskController.js           |    62.5 |    68.75 |   66.66 |   68.75 | 13-14,23,28,43-58                                                                                                                                               
  userController.js           |   74.46 |       70 |      60 |   74.46 | 45-48,51,73-74,112,119-129                                                                                                                                      
 backend/middleware           |      80 |    57.14 |      75 |      80 |                                                                                                                                                                 
  authMiddleware.js           |   73.07 |       60 |   66.66 |   73.07 | 40-48                                                                                                                                                           
  errorMiddleware.js          |     100 |       50 |     100 |     100 | 5-20                                                                                                                                                            
 backend/models               |     100 |      100 |     100 |     100 |                                                                                                                                                                 
  auditLogModel.js            |     100 |      100 |     100 |     100 |                                                                                                                                                                 
  libraryItemModel.js         |     100 |      100 |     100 |     100 |                                                                                                                                                                 
  metricEventModel.js         |     100 |      100 |     100 |     100 |                                                                                                                                                                 
  notificationModel.js        |     100 |      100 |     100 |     100 |                                                                                                                                                                 
  projectInvitationModel.js   |     100 |      100 |     100 |     100 |                                                                                                                                                                 
  projectMemberModel.js       |     100 |      100 |     100 |     100 |                                                                                                                                                                 
  projectModel.js             |     100 |      100 |     100 |     100 |                                                                                                                                                                 
  projectResourceLinkModel.js |     100 |      100 |     100 |     100 |                                                                                                                                                                 
  taskModel.js                |     100 |      100 |     100 |     100 |                                                                                                                                                                 
  userModel.js                |     100 |      100 |     100 |     100 |                                                                                                                                                                 
 backend/routes               |   87.41 |        0 |       0 |   89.28 |                                                                                                                                                                 
  adminMetricsRoutes.js       |     100 |      100 |     100 |     100 |                                                                                                                                                                 
  adminUserRoutes.js          |     100 |      100 |     100 |     100 |                                                                                                                                                                 
  aiRoutes.js                 |     100 |      100 |     100 |     100 |                                                                                                                                                                 
  libraryRoutes.js            |   85.71 |      100 |       0 |   85.71 | 6-7                                                                                                                                                             
  metricsRoutes.js            |     100 |      100 |     100 |     100 |                                                                                                                                                                 
  notificationRoutes.js       |     100 |      100 |     100 |     100 |                                                                                                                                                                 
  projectRoutes.js            |     100 |      100 |     100 |     100 |                                                                                                                                                                 
  settingsRoutes.js           |     100 |      100 |     100 |     100 |                                                                                                                                                                 
  superAdminRoutes.js         |     100 |      100 |     100 |     100 |                                                                                                                                                                 
  taskRoutes.js               |      36 |        0 |       0 |    40.9 | 11-39                                                                                                                                                           
  userRoutes.js               |     100 |      100 |     100 |     100 |                                                                                                                                                                 
 backend/services             |   42.85 |    19.04 |     100 |   42.85 |                                                                                                                                                                 
  dropboxClient.js            |   42.85 |    19.04 |     100 |   42.85 | 18,33-72,84-85                                                                                                                                                  
------------------------------|---------|----------|---------|---------|-----------------------------------------------------------------------------------------------------------------------------------------------------------------

=============================== Coverage summary ===============================
Statements   : 49.22% ( 700/1422 )
Branches     : 31.04% ( 222/715 )
Functions    : 38.01% ( 46/121 )
Lines        : 55.1% ( 680/1234 )
================================================================================
Test Suites: 3 failed, 10 passed, 13 total
Tests:       30 failed, 46 passed, 76 total
Snapshots:   0 total
Time:        70.685 s, estimated 92 s
Ran all test suites.
